



C:\Users\deepak\Documents\DSA>git init


C:\Users\deepak\Documents\DSA>git remote add origin https://github.com/solusionguy/DSA.git



C:\Users\deepak\Documents\DSA>git status
On branch main

No commits yet

Untracked files:
  (use "git add <file>..." to include in what will be committed)
        index.html.txt

nothing added to commit but untracked files present (use "git add" to track)

C:\Users\deepak\Documents\DSA>git add .

C:\Users\deepak\Documents\DSA>git status
On branch main

No commits yet

Changes to be committed:
  (use "git rm --cached <file>..." to unstage)
        new file:   index.html.txt


C:\Users\deepak\Documents\DSA>git branch -M main

C:\Users\deepak\Documents\DSA>git remote add origin https://github.com/solusionguy/DSA.git
error: remote origin already exists.

C:\Users\deepak\Documents\DSA>git push -u origin main

git status
git add .
git commit -m "third commit"
git push -u origin main
































